services from ebbsfleet will cost £ 3.10 more than a single from the nearest station on the existing network , at gravesend .
the films showing at the fflics festival have been picked to define the history of welsh cinema and remember welsh stars , say organisers .
mr. king : i think you might be involved in some of these conversations , i ' m not .
one of the men was arrested in the hospital wednesday by a police officer who took his statement following the crash .
the decision was criticized by international press freedom groups and the u.s. government , which accused chavez of seeking to limit free speech .
congress is considering extending the tax credit through march 31 and gradually phasing it out over the rest of next year .
the rebel group has lost three leaders this year .
it 's as though he walked through a maze and came out a different man .
the national union of students was also giving evidence to the browne review .
they wanted this to be about more than just another free lunch .
what happens when a hotel loan goes bad ?
there 's a perception among some indians that maybe the united states is more interested in china or pakistan .
uncle mike said , ' hey , charla , i brought your favorite person .
heads reached these conclusions by incorporating spatial patterns of primate diversity and distribution as historical evidence for how they might have evolved .
it 's not clear when he did leave .
jaguars are not yet sold in india , although that might change now that tata has taken over the brand .
he took control of the stage race on wednesday with victory on the steep arrate climb and comfortably maintained his advantage .
he did six years of hospital training , mainly in internal medicine , and worked for a doctorate in microscopic anatomy .
among men , 87 percent claimed to be safer drivers than everyone else , while 78 percent of women made the same claim .
now , she has found inner happiness and confidence with the new face .
itv welcomed the announcement , saying it had consistently argued that the regulatory costs and commercial benefits of its licence to broadcast needed rebalancing .
zink hopes the study will help lay the groundwork for future research .
with my mother , i took the train from stockholm in sweden , up past kiruna and into northern norway .
hopper 's attorney argues the couple had a prenuptial agreement to avoid a costly breakup .
the therapeutic handling course was funded by the manx stroke foundation .
more than half the island 's population left , including mr fergus , who was then in his late-80s .
the authorities now acknowledge that they did not notice the name of the ship until a dutch journalist raised the issue .
parker retired from acting in the 1970s and pursued various successful business ventures .
the trend reflects a broader shift away from the traditional japanese values of insularity and conformity .
african nations can ' t meet even the old security standards that western nations now call too lax .
but it is not just the brand new roads and fancy buildings that are different about this place now .
the local authority said the financial climate meant resources were needed to maintain frontline services .
unfortunately , i don ' t see a political pathway to even discussing this let alone implementing it globally .
24 , and doctors said his recovery could take up to 12 months .
such a pledge would cut the amount of emissions produced for each dollar of national income .
or at least if they 're equally precocious it 's a precocity unadulterated with dangerous naivety .
it was zetterberg 's fourth goal .
junior seau finally gave in to the temptation .
others would like to do so .
the agency hired independent consultants to determine the size and shape of the cavern and the risk of collapse .
the committee relies on interpretation to determine the beginning or end of one .
the college provides courses for up to 22,000 students .
shares on the dubai financial market tumbled 6.1 percent to close at 1,638.05 .
she described the cascading events that preceded and followed her court petition for a restraining order against the scientist .
a cincinnati police cruiser camera caught kennedy trying to talk police out of arresting him .
this is the route mr. kennedy pursued , the reason he has been so productive .
this is a place where people do not lock their doors .
another plan involves extending the program to students at other new mexico universities .
i am a good person , and i live a good life .
the jets finished with eight sacks , including two by calvin pace .
giuliani has been challenging the other candidates to come on down , and now they will .
he didn ' t see the original so he didn ' t know what the owl was .
there would be a mandatory period of mourning .
maxine waters is scum on a stick .
the views of the north .
ever since we started the white lies myspace , it 's been amazing .
the court heard khunti was driving at a considerable speed when he hit mr phillips and failed to stop at the scene .
17 has been a family holiday , homecoming day , celebrated at friendly 's .
from 1977 to 1996 , american kids tripled the amount of restaurant food they ate , according to the new report .
louis gill doesn ' t like to turn anyone away .
for more tips on what to do in the area , visit the official tourism web sites of vietnam and cambodia .
they speculate medvedev could use the constitutional change as a reason to resign , triggering a special election that putin would easily win .
the video was released just days before the sixth anniversary of the sept .
you can also send what you are listening to directly to twitter while the music plays .
local journalists told the bbc they were mostly poor people from local villages .
as long as you 're not a revolving debt junkie , paying by credit card can be a wise and wonderful choice .
reports of city 's interest in peter crouch , the liverpool forward , are thought to be wide of the mark .
philadelphia 's magic number for clinching a playoff berth is three .
this was not only cavic 's first world title but his first medal at the world championships as well .
date rape , ok , i understand that .
attorney richard meehan jr. says his client , shoreline pools president david lionetti , entered the plea tuesday in stamford superior court .
in explaining his decision , he talked more about his reasons for choosing byrd than for not choosing sabathia .
american retail sales were stronger than expected in october , thanks largely to the car industry .
qvale highlighted the hot shooting with an 8 of 9 performance .
both problems of unemployment and education could be easily solved at one strike .
it said some advice centres were so busy they had been turning people away .
i hope they will also talk about rising gas prices , rising interest rates and inflation .
they come from china and they may be from the 17th century or later .
the debt has also been restructured , pushing out the date on which it has to be repaid .
streaming piracy affects television primarily , as it is harder to find quality movie content on pirate streaming sites .
his past lives were said to have included aesop , lancelot and henry wadsworth longfellow .
tuition fees paid by overseas students total more than £ 1.5 billion a year , money used to subsidise the teaching of british students .
it 's these late bees that i ' ve come to see .
a version of this brief appeared in print on january 7 , 2011 , on page a9 of the new york edition .
aguero completed the scoring in the 73rd minute .
cash , gift cards , cellphones and a purse were stolen from a residence entered through an unlocked door .
let us not aim for military victory .
the starting midfielders finished with nine shifts .
el dorado county superior court judge douglas phimister agreed for the couple to undergo psychiatric evaluations before another hearing at the end of october .
the national offices of both sororities said they were proud of their members and declined to comment on the internet controversy .
he escaped , and was protected by local villagers for several days before he was rescued .
thailand has not disclosed where the plane was headed .
walters cautioned , however , that lng projects require expansive operations compared with conventional local options .
gardiner said he hoped the board would keep an open mind about other sites and work hard to improve nicholas orem 's performance .
americans have been notoriously loath to undertake reforms that increase the role of government .
hardly surprisingly , the public appearance of the european central bank 's governing council has looked rather ragged recently .
aetna , whose shares fell 1.6 percent , said the suspension was effective april 21 .
uh , spoob , i know you aren ' t all that bright , so fyi , those aforementioned eons span 4,586,000,000 years !
for many israelis , the most dramatic part of the eichmann trial was the testimony of k. tzetnik .
runs 30 november to christmas eve .
selebi and agliotti admit to a longstanding friendship .
they say the legislation in question formalizes rules from the muslim holy book .
find somebody who is tolerant and has a sense of humor .
it was the first time in eight years that mr. musharraf had not attended .
problems emerged at terminal 5 almost as soon as the building opened on thursday .
ensuring a functioning health system and a trained work force in this context is difficult , but essential .
and while loudspeakers and handshakes remain the order of the day , the parties have also been trying new ways of securing votes .
shares of both ambac and mbia fell sharply on the news .
cnn 's marc balinsky and doug gross contributed to this report .
as in the real scenario , their performance will determine their fate .
otherwise , the dollar resumed the seesawing of recent days , gaining 0.3 per cent versus the euro at $ 1.4917 .
if she was getting his digits at that moment , it would explain a lot .
and there 's no better way of hitting the buttons than by putting a composer on stage alongside those playing his works .
that will come with the queen 's speech , expected in december .
associated press writer kate brumback in atlanta contributed to this report .
investments are tsp lifecycle funds as well as target year retirement index funds .
german giant eon and the spanish iberdrola are also believed to be mulling bids for the british power company .
after that , though , he should have his own court to run .
manning injured the heel last sunday in the second half at kansas city when he dropped back on a pass play .
the sudanese government has not filed any court documents and hasn ' t responded otherwise to the legal action .
he originally injured his left ankle while playing in lithuania over the summer and reinjured it nov .
and i ' m sure wherever he is today , he 's got a great super bowl story that nobody believes .
booze , booze , booze .
she feared it wasn ' t manageable for someone using a walker , especially in winter .
but it wasn ' t until sept .
it was a moment of childish satisfaction , but it was fun .
his intellectual circle was the next hurdle .
there is even talk of the movement being hijacked by the militants who regard talking to israel as a waste of time .
eight people were hurt after a fire started at a block of flats in surrey .
i just do not agree that everyone should be entitled to the same health care coverage .
there are actually some good reasons for the analog to digital switch .
there are so many stories like this .
police stopped pursuing the mondeo when it went onto the motorway .
the district 's residents have been fighting for voting rights since 1801 , a year after the capital was moved to washington from philadelphia .
and above all party unity .
even the presidential science adviser was booted from the white house , forced to set up office down the street .
doctors decided on the move after the injury failed to heal as quickly as they would have liked .
where was the champagne ?
this summer , for instance , five in a marquee ashes series would have been sufficient .
gray is scheduled to announce his education platform thursday .
and this year , special k ^ â ® brought victory to life with six real women who shared their own victory stories .
for instance , this the third time i have tried to comment .
forecasters said the snow could bring traffic and travel problems .
mrs booth then developed cancer three years later and has had to undergo several operations .
he said citizen 's present exposure is $ 413 billion .
cnn : was that the worst business decision of your life ?
a friend and a brother in arms .
it predicted that the premiums for home and car insurance would continue to rise this year .
all entries must be received by 23.59 gmt on wednesday nov 19 2008 .
the lightness of touch was what i enjoyed most .
a transatlantic flight was forced to make an emergency landing after the pilot suffered a suspected heart attack at the controls .
a public consultation will run to february 22 , after which the eu could potentially revise the preliminary report .
mr zuma , son of a domestic worker who was widowed when he was three , is much more than a populist politician .
the shuttle from downtown vancouver to cypress mountain costs c $ 20 ( £ 12 ) return .
furthermore , we find that the market response to certain types of news changed during the period of the financial crisis .
robinson has refused to allow reporters into the backyard , as have authorities .
christine djuric , the park department 's monuments conservator , said harlem hybrid was chosen for restoration because it was in such poor repair .
if enhanced interrogation played a role in foiling that plot , wouldn ' t it have been worth the cost ?
prescription drugs and alcohol were found in his room .
firefighters from around the midwest come to compete in the event .
in june his friend leigh jenkins , 22 , hanged himself in another friend 's bedroom .
we 're 12 trillion in debt people .
vermont , which had 11 players score , had 18 assists and just eight turnovers .
to stray beyond was to enter the darker world of the east end , the heartland of rough , tough cockney culture .
the sun helped sales of food and barbecues , though furniture sales were hard hit by the housing slowdown .
does that make our soldiers who do not refuse to serve in iraq all war criminals .
you definitely did , the air is thick with it .
kate bolduan looks at how today 's meeting could impact the situation .
side by side , the original and the copy made him dizzy .
i hold these positions because i believed they were in the best interests of my party and country .
that approach is not working .
on saturday , as mr. obama broadcast the weekly democratic radio address , it came with a twist .
from 1978 to 1991 she was a visiting professor at the university of chicago .
the authorities did not identify the dead man .
a ward at a hospital in suffolk has been closed to new admissions after several patients showed symptoms of norovirus infection .
the premier league said it had moved the match start time to help matters .
since it had already been distributed worldwide , this ultimately proved impossible .
it appears that this week , they have found one .
he has stated that he will deliberate whether to stay on at villa park after the season ends .
three were bailed and the rest were cautioned , given fixed penalty notices or released with no further action .
the fact that we do not know how to order these words is a sign that we are in disorder .
clintonʼs advantage over obama cut a wide swath among voters polled , including latinos , seniors and women , the chronicle said .
he also trained at the eastman dental hospital in central london .
he bought her a stuffed kidney , with a ureter nose , and almost immediately offered her one of his kidneys .
but the tough talk hasn ' t stopped dodd from raking in tens of thousands of dollars in lobbyist campaign contributions this year .
other precious metals traded mixed .
safety recommendations made in the maib report highlight the importance of having lookouts .
but historical precedent suggests it would be wise to stay with the market .
details regarding any injuries possibly suffered by the suspect were not reported .
even in more normal times a weary familiarity may have forced labour to reinvent its selling pitch for a fourth term .
murray was happy with the progress he is making but admits he is not yet back to his best .
the event follows a joint dinner in washington where mr obama offered help to clear mrs clinton 's campaign debts .
we believe in knowledge , engagement and presence .
the pair signed autographs , posed for pictures and accepted keys to the city .
pupils at the school have never received a u grade for the unit before .
gozney said the transfer was done without britain 's permission and raised foreign policy and security questions .
also : how was britney 's thanksgiving ?
some months would be significantly fragmented .
another change saturday makes marijuana possession an infraction rather than a misdemeanor for anyone caught with an ounce or less .
in some cases this also extends to their proposed career choices .
the results were the exact opposite in the previous 40 years .
international power posted earnings per share of 32.4p , up from 27.1p and 10pc ahead of a consensus view .
a ducks spokesman said the team hopes to sign niedermayer to a new contract soon .
screen names can only consist of letters and numbers .
i have two dogs that shed , so the uses are innumerable !
teenagers who are arrested are sent to special youth clubs run by the project where they are encouraged to take responsibility for their behaviour .
the clamour is growing for us to withdraw from afghanistan .
ge pollution / contamination is a greater threat to diversity than natural disasters and war .
sorry , but most of you are delusional , and with your delusions goes the prosperity of the nation .
a reward for any information on smith 's whereabouts was up to $ 3,000 by friday .
lincoln assurance did not fare much better , forcing its policyholders to wait an average of 73 days .
beat the egg whites until stiff .
mourners included his partner and biographer .
the urge to pay it forward was in evidence saturday night at the party , held at the underwater lounge in brooklyn .
what went through your mind when you found out that you would be going back to iraq ?
new york yankees at atlanta , 7 p.m.
they say two others also were attacked .
there were no immediate reports of injuries or serious property damage after the 14,110-foot galeras volcano began erupting about 8 p.m.
the child welfare agency also investigated stephen peterson 's home , odeh said .
we know that regulators turned a blind eye to practices that , in retrospect , were ruinous .
it is the penultimate issue facing the country today .
harbaugh had been critical of the university 's admissions policy for athletes , saying the university steered them to easy majors like general studies .
at the same time , high feed prices have some farmers thinning herds and cutting their losses .
under the tories , the new localism movement brought some character back to towns and villages .
there 's no evidence that it 's the vessel .
no higgs boson this year , then .
but before that there must be a final struggle as the legislation , in slightly different form , is put before the senate .
there was a struggle and the man shot the canadian in the face , she said .
clive told us to go out and play .
the charges carried a potential maximum prison term of 165 years , but a plea deal enabled a much lower sentence .
the study looked at 8,955 loans given to about 5,900 different borrowers .
a dispatcher at the bureau of prisons said it was common for prisoners to complain of poor treatment .
i go zis way .
prieto also reported aug .
the likes of which you 'll never find in hillary 's camp .
obviously , a lot of things have changed around , the courts and everything and inside .
the county council agreed to endorse the proposal in principle but members felt further consultation should take place .
loyalty is a strange beast .
shareholder activists in america have been trying to bury such coffins for good this year , but without much success .
lots of gossip in that market this morning .
as for the abductors , i would find it hard to believe that anyone would have any mercy for these evil spawns .
battersea power station is transformed into a snow ramp for london freeze .
this despair may constitute the prime minister 's best hope of avoiding a coup .
but the vote illustrated again the partisan nature of american politics .
there was nowhere else to go with his treatment .
only after he died did she learn that he was in debt .
the act bars organizations from accepting contributions from corporations or labor organizations and limits individual contributions to a maximum of $ 5,000 a year .
on wednesday , japan said its exports had plummeted 50 percent in february , compared with the same month a year earlier .
even before the program was expanded , sailors complained of not being paid their full pay , the newspaper reported .
he handed clubs to abel , then wiped them off with a towel and put them back in the bag .
the result : you get a range of intensities in a single set of dumbbells .
paris and duck rock are two of the finest albums ever recorded .
being on chalk , the soil is very dry .
preliminary results gave prime minister ivo sanader 's croatian democratic union , or hdz , 61 seats .
furthermore , the areas that are mostly ethnic tibetan should all be put under one administrative region , the dalai lama says .
climate change , global warming is so last decade , plus now we don ' t have the facts to back it up .
there 's only one problem with this story : it isn ' t true .
they 'll just be a little behind schedule .
she 's still very involved in the community , and has received an mbe for her work .
barry sheerman , a senior labour mp , called for a ballot of mps to decide on mr brown 's leadership .
what do you make of south africa ?
adam brace 's script crackles with tense dialogue , and gradually reveals a cunning sense of structure .
applying a plaster to the nipple before running prevents repeated rubbing .
treasury secretary tim geithner was confirmed despite revelations that he had not paid some of his taxes on time .
he flew to california without incident for valentine 's day .
but there were no flags , no military honors , at their funerals .
check in with gold medalists evan lysacek , lindsey vonn and shaun white .
adoptions from korea began in the 1950s as a way to rescue war orphans .
unlike president obama , darling 's allies joke , the chancellor can ' t dump on his predecessor .
he said the 22 who were freed included soldiers and civilians .
what do you say to someone who is depressed ?
here 's an abridged version of the fantasy football picks for week 14 .
the demonstration was the largest in ukraine since the 2007 parliamentary election campaign .
he was a character , sarcastic , full of quips .
while federer enjoyed a glass of champagne with family and friends inside the locker room , his dad wandered out .
two current efforts , blue america and blue majority , have raised $ 770,051 and $ 174,463 , respectively , this year .
the take , after an hour , was about 50 cents .
nondescript by day , it seems the place comes alive only at night , when every bus travelling from fes or meknes stops here .
hoping to visit lady liberty 's crown when it reopens july 4 ?
between last season and the beginning of this season , division i programs had 49 head coaching changes , according to the coaches association .
a spokeswoman for ms. winfrey 's magazine said it had enjoyed five straight years of growth in advertising pages .
los angeles superior court judge mitchell beckloff made a series of key rulings during the morning portion of the monday hearing .
and that only covers the wedding .
each one will be slowly towed in a grid pattern while 10-person teams watch for signals .
the book was already with the publisher when he decided to add the final scene .
some officials favor building a new airport rather than expanding heathrow .
agency officials say they screen for duplication , need and ease of use , and submissions that meet those tests generally advances .
unpruned , most will reach the size of a small tree and will even fruit if treated as a generously scaled and informal hedge .
it 's due at the outpost next thursday .
mr mcguire said signage would be alerted to alert the public of the dangers .
at the moment , nobody has proposed a big indoor market to rival the ones in san francisco or even philadelphia .
it was a classic case of what not to wear .
but the standard does not apply to older trains .
it appeared that he might find no takers , before one reporter asked about defending against chargers running back ladainian tomlinson .
i ' m retired .
krystal hart , 22 , was shot on the doorstep of her flat in battersea , on good friday last year .
therapy should be withdrawn in patients with persistently severe or worsening signs or symptoms of these conditions .
george rupp , president of the irc , said he and his colleagues were stunned and profoundly saddened by the deaths .
now it is all about risk .
i knew this psychopath was just a few steps away from insanity when he first started doing all of this .
the average monthly wage is just euro650 ( $ 840 ) , with auto workers earning about euro800 ( $ 1,033 ) a month .
west virginia had been bounced around a bit before winning that overtime game and had something to prove .
south korean cellphone carrier sk telecom has a 15 % stake that it received as part of the helio deal .
meanwhile , a woman was killed in a motorbike accident on the hightown road in glengormley at 1100 bst on sunday .
the two groups have already clashed .
candela ultimately said he would back his union 's choice .
a few irish guys are drunk and enter the ladies by mistake .
british grocery giant tesco plc has opened 61 fresh & easy neighborhood market stores in california , nevada and arizona .
the princess and the frog fell from number five to four .
the government projects the nation will spend $ 2.5 trillion on health care this year , compared to $ 912 billion in 1993 .
so it was unknown what the basis was for the general 's decision .
people on twitter have been able to include their general location for a while .
mr cameron , though , has the greater problem .
malcolm white and ralston turner each had 11 .
the highest bid for the script currently stands at £ 32,500 , while the invitation for written bids closes on 20 december .
my life impacts no one .
arabs , a small minority in the parliament , reacted with fury to both pieces of legislation .
not a flicker , not a titter .
there have been very preliminary chats between the two companies about working together on the wwe network .
for once against united , the spaniard miscued and yossi benayoun headed the loose ball straight at edwin van der sar .
the august total included 520 people killed in quadruple suicide bombings on yazidi communities near the syrian border .
twomey said a working group may make recommendations by icann 's next major meeting in paris in june .
brown 's possibly the draft 's most athletic player and led his team with 73 dunks last year .
our hosts wanted to make sure we were ready for any eventuality .
none is likely to fulfil its promise .
there are also worries that sunni extremists are regrouping .
stoneley senior became an eminent seismologist and discovered the stoneley wave , an acoustical wave that helps to assess the permeability of rock .
the con artists ditches the 5,000 people he misinformed and concentrates on the 5,000 who thinks he got it right .
c.j. , who spent several years in the new york yankees organization before giving up baseball , barely played this season .
one panellist , sir roderic lyne , has asked consistently shrewd questions ; even chilcot has had the odd rapier thrust .
how is the disease coming along ?
but alonso , who secured his first victory in his debut race for ferrari in bahrain , has pleaded for patience .
so we can see , these are some of the typical examples of the success of this program .
dodd told fox news that treasury officials forced him to make the change .
bbc sport player rater man of the match : rangers ' kenny miller 9.07 ( on 90 minutes ) .
sarah palin holds a rally in johnstown , pa .
the 7-by-9-foot mural was in campbell hall outside the bunche center until 1991 , when it was placed in storage .
brazilian superstar kaka expects to the first of several ' galaticos ' joining spanish giants real madrid .
tuesday , at a depth of roughly 6 miles .
carl landry was 13-of-18 from the field for 27 points to lead the houston attack .
in her absence , borel switched back to mine that bird but had to settle for third behind summer bird .
the promotional company is not just ricky hatton in name , we want him properly hands on .
among those supportive of earmarks were eight republicans who were either members of leadership or ranking minority members of senate committees .
then , little brown bino said he had to use a bathroom , and father and son hurried away .
do you think that if obama loses , he 's just going to disappear ?
the greatest oud players have come out of the mountains of greece , asia minor and north africa .
tagged with airlines , british airways , silverjet , virgin atlantic .
senator obama 's response demonstrates immaturity , a lack of openness to possibility , and a childish insistence on having things his way .
colorado springs police said joshua algers , 28 , was found passed out drunk in a mcdonald 's play area at about 4 p.m.
desperate local officials made urgent pleas for rubber boats and helicopters to rescue those stranded by the floods .
i knew what hicks was thinking .
he said he was concerned about how news accounts of the statements might affect witnesses , some as far away as baghdad .
and if he is , much high jinks and entertainment awaits over the coming fortnight before we get to paris .
his best previous finish was fourth at the regions charity classic in may .
santana threw in the rain on wednesday .
i am annoyed that obama is caving in to the republicans irrational fear mongering .
est thursday in new york city , a bas release said .
the fda advised patients to talk with their doctor before considering stopping any medications .
if my preferred candidate is not nominated , i will vote for a democrat .
but mr. davidson binds them together with vigorous and impressive narrative skill .
the car was split in two and she was pinned against the central console .
denmark has about 600 danish troops in the south .
the director of the rotterdam museum said the prisoner was a fantasist who had a grudge against museums and similar institutions .
his career has spanned 20 years .
at the same time , karzai said , the actions of troops in afghanistan have turned some of the public against them .
she then denied calling him a bastard , which was in the statement she was reading .
then he had evoked the memory of the oval ashes test of 2005 when he bowled an inspired 15 over five wicket burst .
they went through garbage and medical waste .
a separate lawsuit challenges ohio 's protocol , questioning in recent months the qualifications of executioners , some of whom are paramedics .
he later recalled how relieved he was to return home .
passenger numbers are at their highest levels since the second world war and the quality of rolling stock is much higher .
if stevens holds onto his seat , the senate might be stuck with him for some time .
the school board 's reaction to this change has been less than heartwarming .
she arrived at trump international on sunday about an hour and 15 minutes before her 9 : 40 a.m. tee time .
saha has been plagued by a series of injuries since his £ 12.8 million move from fulham in 2004 .
however , studies are looking into environmental factors that may trigger autism in those who are genetically prone to the disorder .
dr. merkin has a deep compassion for education and is happy to assist in helping the displaced italian students continue their education .
the idea that somehow this problem rests partially with the democratic party is rubbish .
the prisoners rioted sunday during a routine search by the guards .
officers said they had no reason to treat the death as suspicious .
the lib dems may as well give up .
my daughter enjoys giving bubbles her regular feed of flour and water .
ignore what ralph nader says and look at what he does .
the plant had been cited for state and federal labor violations before the raid , including inadequate worker safety protections and unpaid overtime .
its most recent acquisitions have been for the derivatives , equity trading and research businesses of sal oppenheim , the troubled german private bank .
monday 's announcement ends the mystery about the company behind this advance .
this is not an obscure philosophical argument but a practical issue of considerable importance .
celebrity hijack , however , launched earlier this month with a combined total of 3.4 million viewers on channel 4 and e4 .
schiro , 70 , had been accused by nicholas calabrese of taking part in the june 1986 murder of businessman emil vaci in phoenix .
the presence of the obama family in the white house means that it can ' t be business as usual any more .
mostly it sounds more like bach , beethoven and mozart than ives , carter or kirchner .
good ridance john and kate plus 8 .
transportation officials said toyoda 's meeting with lahood lasted about 30 minutes and focused on the importance of safety and protecting consumers .
they finish their six nations campaign with another home fixture , the calcutta cup clash against old rivals scotland , on march 21 .
stick to your own path and don ' t give a fig for the guttersnipe press .
other residents of the tunnels tell similarly glum stories , if they share them at all .
they did it for free , parking included , t.j. the drug war at our doorstep .
that decision is up to the terrorists , really .
other neighbours urged boyle to come home for the support of her local community .
dozens of lenders have recently withdrawn from ffelp because they could no longer sell loans in the secondary market .
police searched their car after they were stopped for a minor traffic offence on the a30 near bodmin moor in cornwall .
a circular piece mounted on a thin wall , it makes an optical illusion with shadows .
defensive end william hayes pushed rivers too late , then officials flagged the titans ' sideline for unsportsmanlike conduct .
in some cases , it might be just 30 or 40 percent stocks and the rest in cash and bonds .
mr. warmoth 's youngish weekend warriors are a bright spot for the industry .
a biopsy showed that she had stage iv breast cancer .
the $ 7,000 settlement , which can be paid in instalments , must be first approved by a judge .
by now the three tiny , packed rooms of the restaurant seem to glow , but this could be the effects of the talisker .
ghostley , whose actor husband , felice orlandi , died in 2003 , is survived by her sister , gladys .
the longer it goes on the more extreme the factions get .
huizenga has in the past said the dolphins were not for sale .
and he angered photographers by refusing to take his sunglasses off to have his picture taken , prompting them to stage a walk out .
she was a taskmaster , said mr. redd .
seniors with higher relationship satisfaction report greater frequencies of kissing , hugging and sexual touch .
the haul was purchased by the british museum for £ 100,000 .
halloween comes once a year , but nightmares can last a lifetime .
the attacks on me are part of a larger campaign to intimidate and silence marginalized communities .
for his part , mugabe is under pressure from aides who don ' t want to share power .
iran , meanwhile , has been accused of funding and arming shi ' ite militia .
some loans have yet to reset to higher levels .
tony : sure it 's democracy , the people voted for them !
they say he should not focus on abstract concepts of finance .
on that basis , results topped wall street 's expectations .
but democrats may be wising up .
mr tsvangirai won the first round of elections on march 29 but fell short of the majority needed for outright victory .
incoming presidents making big decisions in a hurry is a surefire recipe for error .
in the short term , however , smaller firms ' fortunes are lagging .
i yield to everybody in my love of the arcade fire , but ok , no big deal .
discuss this sequence with your regular partner .
she has described its critics as enemies of development .
he was waived nov .
what : press conference to discuss reconstruction efforts after the january 12 earthquake in haiti .
alcoa has said its review found no wrongdoing .
and what of mrs carlill who set the consumer rights ball rolling ?
the daily telegraph agrees .
you might amuse us by offering a straw man , or a pair of them , whose discourses you could parse in your column .
the appointment has been advertised and the new justice will be independently selected .
the red vauxhall corsa collided with a blue mercedes van before careering into the ice house on belward street , near the ice arena .
temporary tinnitus , as the condition is known , lasts for up to 24 hours .
it was many minutes before the celebration died down .
the efforts come as pyongyang is taking steps that indicate it may be reversing its promised disarmament .
obama has said that the sellers had required that both of the lots had to be sold simultaneously .
he was telling me about his voices .
a record 86 were at $ 10 million or more , an increase of one .
ireland correspondent henry mcdonald explains why .
the british iphone has the same technical specifications as the u.s. model .
( eod ) demining explosive kits represent a new product line . demonstrated by recent solid growth to both our top and bottom lines .
cdt sunday , march 23 , has been moved to an hour earlier , and will begin at 10 : 18 p.m.
café comptoir abel , 25 rue guynemer ( 00 33 478 374618 ) .
but you could hardly find a more romantic one .
we also agreed that the actions we take to achieve our reductions must be measurable , reportable , and verifiable .
there is not much room for negotiation here .
a monk searches for the childhood reincarnation of his deceased tibetan master .
in italy he could be in trouble in tight spaces .
a federal appeals court ordered wanda glenn 's benefits reinstated .
gone before we got here ?
from her corner office , wintour sends employees back to the drawing board without ceremony and orchestrates major opportunities for young designers .
strauss made 105 but was bowled by kieron pollard in the 47th over .
do you know who this person is ?
after leaving durham university in 1973 , his first job was as a reporter on the newcastle journal .
japan enthusiastic to combat global warming october 19 , 2007 tokyo , oct .
the software effectively manages both cash volumes and logistical activities .
this morning is another ride across flat ice .
uh , trump fired her .
this is the equivalent of the gross domestic product of costa rica .
astro is also an invaluable ally to our astronauts .
it is also the volume of noise that we actually hear .
det sgt ian rutherford said the teenager scratched the man 's face during the attack and added the marks may still be visible .
one area of potential concern is remittances , the lifeblood of the philippine economy .
in november , adb terminated its contract with china railways corp. , deeming it incapable of finishing the job on time .
nicholson was not at home , but his girlfriend at the time , actress anjelica huston , was .
they slapped him and swore at him .
but none of the above can obscure how this campaign 's moments of upliftment have come from obama .
spain , which welcomed immigrants in boom times , is offering unemployed foreigners money to go home .
it also would have funded projects such as a prison museum , a sailing school and a program to teach portuguese .
with a market capitalisation of about £ 10bn , the ftse 100 company has remarkably rarely turned to equity markets for funding .
but doubts and suspicion still simmer , especially in the east and in britain .
she arrived in qatar after a weekend visit with afghan president hamid karzai in kabul .
the police make the arrest and take the criminal to the nearest local prison .
what they 're are saying is , don ' t spray everybody .
the sport of fencing reached out across the barrier of strangeness and touched me .
the group has had to lower its 2009 targets twice in light of a sharp drop in car sales .
and we know who had the last laugh that time .
exporting scarce water to the west in fruit and vegetables is also being tried out as an issue .
ligety won the gold medal in combined at the 2006 turin olympics based on his slaloming .
mooney says the game has had other positive benefits , like generating an interest in real farming .
mcginley resumes his midfield partnership with kevin hughes in his first start in more than two months .
but bankers and officials warned that an independent hbos would need more capital than the £ 11.5bn it is receiving from the government .
on monday , the ipcc 's chairman , rajendra pachauri , told afp that the panel would review the 2035 figure .
either way gutierrez believes it 's a new way to define friend for a new generation .
apart from the occasional chatter of an inquisitive red squirrel the silence here is almost velvety .
they 're trying to get to their fourth straight nba finals which is very hard to do .
in addition , banks would be allowed to seek exemptions from state laws on consumer protection .
he recalled an early episode in which sayid ( naveen andrews ) is fiddling with a radio and hears 1940s music .
the media reports said a female body was also found .
but injury has a way of boring holes in an athlete 's confidence and inviting doubt .
the man 's injuries are not thought to be life threatening , police said .
but swinton will be bringing her own brand of quirky glamour to the highland beach resort where charlie chaplin once spent his holidays .
however critics said the moves would not address the real issues social workers faced .
i found myself broken by a grief that was more dreadful than i had ever imagined such pain could be .
a spokeswoman for kensington gardens said the park had reopened this afternoon after being closed earlier today , although the pond remains cordoned off .
tagged with bill gross , stimulus , tarp , treasuries .
he left in 2000 when the gucci group bought a 51 % stake in his eponymous label .
don ' t you just love it .
the america he grew up in was great if you were a white male .
at six months pregnant , she finally told them .
there is , though , a twist .
afterward , the park service said it planned to remove the cross .
the development contract alone was worth $ 29bn to lockheed , of which bae got a $ 2.9bn share .
the film exceeded even the filmmakers ' expectations .
the morning after , his statement was underscored by news from the scene of the worst attack on americans in afghanistan in three years .
he hasn ' t set foot in angola in more than 20 years but still considers it home .
the sources of friction between russia and the us have been remarkably constant .
justice secretary kenny macaskill said it was the first time that scotland had more than 17,000 police officers .
some had created artwork and ads for him , and some had created opposition artwork and ads against palin and mccain .
eastern standard time , according to the u.s. naval observatory .
in one , her nearly decapitated head is drooping out the shattered window of her father 's porsche .
when faced with fundamentalist demands , india 's democratically elected leaders have regularly preferred caving to confrontation on a point of principle .
the pace of deterioration in the uk labour market is starting to slow this summer , according to new research .
and it doesn ' t get any better than that .
too many celebrities looking for a photo opportunity , i reckoned .
he is to meet with french president nicolas sarkozy and german chancellor angela merkel on april 3 .
the party switcher has raised about $ 6 million for his campaign and president obama has offered to campaign and raise funds for him .
he was always isner 's favorite , the only player he enjoyed watching on television .
if opec tightens too much , and prices remain too high , that could produce a deeper global recession and send demand falling further .
correspondents say violence is at its lowest level since 2003 , though security remains fragile and visits by foreign vips are shrouded in security .
an examination of the depot 's cctv footage showed the pair helping themselves to drinks .
in september the european commission banned the fishing of endangered bluefin tuna in the eastern atlantic and mediterranean for the rest of the year .
in 2008 , a reward for information on the killing was raised from £ 25,000 to £ 100,000 .
her relationship with her volatile father reached meltdown , she became overcome with depression and walked away from tennis altogether .
various governments and international bodies , led by the african union ( au ) , at first denounced his coup .
again mr haass was right .
the home has four bedrooms and three bathrooms and was built in 1913 .
but aren ' t they probably looking for that anyway , whatever anita dunn does or does not say about them ?
tonight he would like to be holding the claret jug .
with earnings season in full swing , investors are taking their trading cues from corporate results .
so , the situation there does look to be improving .
the timing of the press announcement suggests that destination properties believe that asset sales could be imminent .
there are many snapshots of the turmoil on the world 's stock markets .
the tariff was approved by the european commission in 1995 , when alcoa purchased the smelters .
but she is markedly taller than she was last year , and also appears to be fitter and stronger .
geo . is the qualified technical person responsible for this news release . alteration , indicative of a favourable environment for uranium deposition .
but i ' m used to scrutiny .
the mdc accuses mugabe of delaying results to rig victory and says a prolonged crisis will lead to widespread bloodshed .
the displays provide broad and entertaining overviews of american music .
and it 's why the super bowl is the greatest sporting event of them all .
where would superdelegates be then ?
posted by miles johnson on oct 30 08 : 10 .
hallsville , tex . , independent school district , $ 71.2 million of unlimited tax school building bonds .
but what he had to say about the world was not as reassuring .
do we want someone who wants to break away from america as our vp ? ? ? ? ? ? ?
but even on matters such as spending cuts , most conservatives would want the government to go even further than the coalition will allow .
she had no idea there was anything wrong .
several caveats are in order , though .
he is more concerned about what will happen in 2010 .
asian stock markets enjoyed their best year since 2003 as the region , particularly china , led the global economic recovery .
at least two men arrested on tips from the hot line were turned over to immigration officials for deportation , mr. browne said .
the only visible difference seems to be that all of them have the beginnings of beards .
some would raise gently to four clubs , others might try a bluff such as 3nt .
after the killings , the militants blew up the house , sources told kuwaitʼs kuna news agency .
but he is the genius for this moment , for this time .
leaders of several interest groups say their hopes for quick action on their priorities are colored by the experiences of the clinton administration .
she has kept every one of sarah 's toys but can not bear to look at them .
vedanta resources fell 6.1 per cent to 589p and kazakhmys was 4 per cent weaker at 229 ½ p .
1526 : kelly sotherton is under a bit of pressure after her first throw in the shot put .
children are exploring the internet more than ever .
office of mcdonald hopkins llc as a member in the firm 's business department .
equality is equality , not pick and choose at a buffet .
stamford has long been home to world wrestling entertainment , whose televised wrestling shows have sparked controversy over the years .
their paths crossed again at d.c. united , with the chicago fire and with chivas usa .
optimists could say the sun was visible .
what better way to spend new year 's eve ?
this entry was posted by tracy alloway on monday , january 10th , 2011 at 15 : 29 and is filed under capital markets .
fellow new raider greg ellis then forced a fumble by tomlinson that was recovered by michael huff .
26 gucci has lost its panache .
we are seeing redundancies in every sector and in every part of the country .
apple inc. has unveiled an upgraded iphone with a faster internet connection and gps capabilities .
in most cases , you 'll hear it tell you to remove the person 's clothes and place the electrode patches in specific locations .
mail misery looks set to continue after negotiations aimed at ending the postal dispute ended without any agreement and further strikes were announced .
but now companies are much more cautious .
christian bale , ben wishaw and heath ledger are unspeakably brilliant as various shades of dylan .
that , critics say , is perfect ammunition to hurt descendants of the people who lived there 400 years ago .
was the seasonal flu shot risk a scare ?
mr jones added that some pupils had not taken the decision to close the school well .
a saturday afternoon trip to home depot is less aggravating if you time it right , namely by starting in the morning .
defense secretary robert m. gates sent a similar letter in march 2008 .
he also claimed £ 500 m could be saved by comprehensives merging to form federations with a management pool working across several schools .
but , following the rumours surrounding his bizarre car crash on friday , he now faces a huge pr crisis .
five cats from from tipton and swadlincote in the west midlands were taken to vets last week , all suffering from vomiting and weakness .
he joined the fed board in september 2006 and was filling an unexpired term ending in january 2014 .
britton 's deal is worth about $ 4.6 million , with $ 2.8 million guaranteed .
clearly the phillies were in a defensive formation in which not everyone knew all the contingencies .
jessica is white , 5 ft 3 in and slim with straight dyed black hair .
could a con man be trying to pull off a reloading scheme ? 6 .
that may be why they remain so popular , a welcome diversion from a sober reality .
a calculation on the local paper 's website put the chances at 0.7 per cent , which sounds about right .
every day , he turns to god and leans on the second family he found here .
he also continues to look impressive in batting practice , hitting 10 homers in 75 swings .
neil martin , 46 , from essex , was killed after being trapped under a cherry picker he was helping to move .
the environmental impact study for hollister was initiated during the quarter .
there was no indication of who will be in the new government .
pietersen walked across his stumps and went lbw from steyn to go for single figures .
highly trained staff can ' t be obtained overnight , and so the chinese universities won ' t compete for a while .
former england football star paul gascoigne was questioned by police after he was arrested on suspicion of being drunk in charge of a vehicle .
there is really no excuse for comparing the violent hell your mother must have endured to a recession , even with your hedging .
coty , which owns rimmel , said it would continue to comply with asa guidelines .
diabetes poses severe health and economic hardships , not only for those living with the disease , but also for providers and employers .
artful draping was another way of flattering the figure .
the s.e.c. concluded that mr. jett booked millions of dollars of bogus trading profits on united states government bonds to conceal trading losses .
available resources , and social , ethnic and religious ties shape those decisions , jackson said .
the remaining two are up for commercial sale at $ 500,000 .
corré made his own fashion statement by founding the agent provocateur lingerie chain .
or . . . .
the case was built on recorded conversations between pellicano and christensen in which prosecutors said they discussed bonder kerkorian 's private phone calls .
the dolphins signed him as a free agent , then cut him after training camp .
at least we know she can afford child care !
mr. cesarelli is mired in a bad demographic .
only ireland , at 15.6 per cent in 2010 , is expected to see larger deficit next year than the uk .
television stations licensed by the federal communications commission are obliged to act with reasonable care to make sure advertisements are not false and misleading .
sisley was fascinated by its dramatic carboniferous limestone cliff , and in particular a large rock which he could paint from his hotel balcony .
the programs appeared to be test runs , with the next stage potentially proving more dangerous .
that implied a lower initial demand for carbon emissions permits than previously expected , said deutsche bank carbon analyst mark lewis .
there 's no way to know , although swinney said he can ' t worry about it .
on average it takes two months to trace each child .
1 ) what percentage of white voters voted for the black candidate in the last election ?
darrell arthur , kansas ' leading scorer , matched his season low with six points before fouling out with 6 : 04 remaining .
the two remaining pops holiday concerts at pasadena civic auditorium now have been canceled as well : a feb .
and speculation heightened when three players rejected offers of new contracts with the spl club .
according to the bible , ur was the home of the prophet abraham .
this article was first published on guardian.co.uk at 21.57 bst on wednesday 6 may 2009 .
young people outside threw rocks and taunted police , and police fired tear gas as the crowd left the service .
the report found evidence of major deficiencies in the contracting process and poor performance management .
ms khan then shared the information with the trivium traders , the sec alleged .
the cafe has a b.y.o.b. policy , with no corkage fee .
sales slipped 10 percent to $ 1.7 billion partly on the stronger dollar .
don ' t determine what 's relevant or not relevant .
it reports on alleged assaults in immigration detention centres nationwide .
maybe seniors even have some special immunity to h1n1 .
mrs ross is not the first twitterer in recent weeks to overstep the mark .
few travelers came ; some who did lost their lives .
the welsh assembly government has already warned it could get £ 500 m less from the uk government in the future .
britain has recently announced not an end to its nuclear weapons programme but the start of a new one .
instead he was forced to sell leather on the street .
for some they 're pinning their hopes on an increased chance of getting a visa to the us .
they come here five days a week to attend a cricket coaching camp .
the price of progress is right now poisoning ourselves .
there 's a lot of information and a lot of memoir in the book .
at least 18,000 people had taken part in the protest march in belgium 's capital , police said .
goldman sachs group inc. is scheduled to report results tuesday , followed by jpmorgan chase & co. on thursday .
sheeran believes many already understand the impact .
however , like all extreme scientific change , memory erasure poses serious ethical questions , or will do when it becomes a practical possibility .
in the painting , she wears a jagged wooden necklace whose thorns are digging into her neck and drawing blood .
oil prices have rocketed about 70pc in three months .
hearts did not let their heads go down , though , and it was not long before they were in the lead .
injuries started to pile up over the last few years of his career .
the firm said challenging trading conditions and a tightening in the property and construction industry in recent months had led to the decision .
the scheme was launched to mark the 20th anniversary of ecowas peacekeeping operations .
premier league wages moved close to £ 1bn in the 2006 / 7 season , research by deloitte has found .
it was a foul day in qingdao with torrential rain and high winds only lightened by british success .
the 14th named storm of the 2007 atlantic storm season was not expected to strengthen significantly because of unfavorable wind conditions in the atmosphere .
you can tell by his steely gaze and the fact he 's started to shout a bit .
the benchmark 10-year u.s. treasury bond rose 1 2 / 32 to yield 2.82 percent .
the paper quoted the leading police investigator as saying justice had been done .
the nrsc ad attempts to make clear that there is only one choice for republicans in the election : miller .
if that is the case i am pretty sure it will be a very straight and open discussion between the two clubs .
they wanted something dynamic and very different to anything else seen on the baja / dakar circuit .
and the reason is i have a passport , i have all sorts of other documentation .
but the system goes way over top .
humber has also sat near martínez in the dugout .
more than 124 million pounds of pbdes are produced annually worldwide and they do not break down easily .
under the banner of the european grand prix , the second spanish race of the season is next up on the streets of valencia .
a knot of coriander leaves mixed with rocket is optional as a garnish .
i am meeting with a dermatologist who practices with a plastic surgeon to look at possible surgery to remove the glands .
it suggested i 'd only find my inner purpose via cleansing and suffering .
which is perverse when you see the lengths they go to to minimising their own exposure .
it is recommended that any notice be sent via means that will provide confirmation of the delivery date .
chief executive jerry yang spent months fending off microsoft corp. ' s unsolicited takeover bid .
next year , zenithoptimedia forecasts it to rise by 21 percent , and climb another 13 percent to $ 43 billion in 2009 .
striking a balance between accuracy of result and importance of issue is tricky .
the unite union said first group drivers across the county would walk out on 12 , 19 and 26 october .
some of the net sites will have to start charging again .
i took office at a time when many around the world had come to view america with scepticism and distrust .
a look back at the defining performances of the 2010 winter olympics .
essam : shopkeepers do not want me to be more famous .
it was their first victory in san francisco since september 2008 .
with fear comes anger .
la russa remained angry at how ankiel has been treated by fans and the news media .
you know , when gunpowder is first used people think that 's cowardly .
the number of working journalists in bajur has dwindled from more than 20 to less than 10 over the past year .
beefmaster vfn , for instance , resists verticillium wilt , fusarium wilt and nematodes .
the scenes of homelessness and the squalor of downtown eastside are not the images olympic organizers want visitors to leave with .
merck rose 2 cents to $ 39.78 .
but her words didn ' t seem have had a soothing effect on analysts .
but despite all my commitments i wouldn ' t change my job for anything else !
hodnet stores , in north shropshire , was named independent retailer of the year at the asian trader awards .
scientists at seoul national university also created the world 's first cloned dog earlier in 2005 .
it appeared in the guardian on monday 22 june 2009 on p24 of the comment & debate section .
10 , offered temporary shelter in schools and convention centers .
he was a beloved and acclaimed artist before his downward spiral into addiction .
it 's what i 'd be asking myself .
obama and his team were heavily involved in persuading potential threats , including rep. steve israel , to stand down .
like hundreds of his colleagues , he now spends his days picking flowers for the country 's lucrative rose oil production .
errol morris : how did the inscription come to light ?
the blues have now picked up only seven points out of a possible 15 as their hunt for silverware wobbled once again .
i ' m afghanistan , and i ' m home to nearly 33 million people .
babergh district council is encouraging parish and town councils to send them reasons for retaining the boxes .
it is no longer sufficient for mervyn king , the bank of england governor , to say that banks are still undercapitalised .
it 's their forum , they post as they wish and we never fail to comment .
but if anyone fits the bill of adventurer , it is polar explorer pen hadow .
mccain hardly caused a stir when she wore $ 300,000 worth of oscar de la renta and diamonds to the republican national convention .
the tremor struck at a depth of about 60 miles in maluku province , about 1,700 miles east of the capital , jakarta .
elliott said he was taking prozac before he started mindfulness therapy , but he no longer needed medication to keep his anxiety under control .
if a novelist and a professor argue in a forest , and no one else hears them , can it count as a controversy ?
human cases are uncommon but can occur in people who are around pigs .
but at the time when edwards was down , he saw clinton and obama close his lead in iowa .
sectarian violence erupted in the towns of gwada and minna in the state of niger when christians were attacked and churches set on fire .
mr. whitfield 's songs were recorded by a string of motown luminaries , who besides mr. gaye included the temptations and the jackson five .
the victim , 24 , reportedly a danish resident born in asia , remained in critical but stable condition in broomfield hospital , chelmsford .
not surprisingly , alfredsson welcomed the idea of playing in his home country .
the wildcats got their usual solid games from freshman superstars john wall and demarcus cousins , but it wasn ' t enough .
19 ) : insofar as you have the power , work to help others who are down on their luck .
the beijing authorities now face an enormous challenge to try to restore a semblance of ethnic trust in the far western xinjiang region .
any resurgence in violence would be bad news for the country 's tourism industry .
our vying for the world cup bid is a prime example .
using computer models , the scientists experimented with different combinations of those eight pumps and channels .
a decision is expected in january .
mr. chomet said he was seeking not money but acknowledgment as a creative force behind the film .
about 800 paramilitary troops were deployed in the city to assist police , the newspaper reported .
the iraqi operation is still ongoing .
ed henry has more on the award , and the response .
several artists garnered two nominations apiece including alicia keys ( best album , ultimate urban ) .
the fire broke out in the kitchen of the house in glannant road .
mr. kerviel told prosecutors that other traders at société générale had used similar tactics but with smaller bets .
the nfl has become the terminator of american professional sports .
he has been an education for us all , and is one bloke i look up to .
you have no desire to justify yourself to others .
in fact the slightest mention of the couple brings empathy from de lourdes .
a double entrance gate system was also in place to keep trouble at bay .
federer finally held to finish it .
vince carter totaled 28 points for the nets , who won a game in phoenix for the first time in 15 years .
he accentuated the word harvard , perhaps to draw attention to the unusual .
you may now be presented with the need to develop further with structured education , which you should not refuse .
the new curriculum is expected to increase greater emphasis on building relationships , the daily telegraph said .
in brussels , government officials held an emergency meeting to discuss the hijacking of a belgian ship on saturday and possible intervention .
presumably her accountant hadn ' t been invited .
progress on missile defense represented perhaps the biggest boon to bush from the nato summit .
jose s.n. crisostomo , 59 , of inarajan , guam ; first sergeant , army .
in expanding on his criteria for a supreme court justice , he cited her case and said his pick will understand its practical implications .
the restructuring reflects three key markets , each with a lead regional base metal / diversified mining analyst .
she had won a $ 10,000 academic grant and a $ 2,000 scholarship from children 's aid .
the members did approve a major compromise advocated by the general services administration .
the former city manager was unhappy that yeung 's consortium would not discuss a new contract with him .
to become law , the bill must pass a second vote in the national assembly and be signed by chavez .
ruffin planned to transform the frontier until ballooning land values changed his mind .
the protest , which drew a swarm of police and caused a traffic jam , was promptly broken up .
even for mrs. fort , whose farmhouse sits outside town , the changes are evident .
this is a very difficult situation , especially in view of the obligations that people have to their children .
worst of all , it honours no season and respects no calendar ; it arrives precisely when it feels like it .
in this case , though , the flaws are interesting because of the way that they match up .
critics say the list poses a threat to the very society whose freedom it 's meant to protect .
mr tiner would not be drawn on a more precise time frame or potential targets for a takeover .
there are so many juicy possibilities that where mr. mckenna ultimately goes with the story may feel unsatisfying ; more interesting choices were available .
details of the deal would be released later on sunday , officials said .
about casino.com : casino.com offers traditional card and table games , as well as slots , video poker and progressive bonus jackpot games .
i would do this outdoors as it can be rather messy .
a summary judgment was granted in favor of amgen on certain roche defenses , the company said .
a true wild tomato may have only two to four of these .
financial investors , notably pension funds and hedge funds , have been buying into the commodity .
indeed investors are beginning to consider the upside potential one , and even two year 's hence .
i agree and i do not believe this statement they put out one bit .
our generation will be affected by every political change and decision made in the congress .
three teenagers were arrested on suspicion of possessing cannabis and another was held on suspicion of provoking fear of violence .
the lady vols appeared uncertain and stagnant without parker , standing around , not attacking or defending the basket assertively .
payne , who trains in stockport , said she was determined not to finish second best again .
this article was first published on guardian.co.uk at 22.26 bst on thursday 20 august 2009 .
but several recent big offerings have seen a smaller than expected first day trading premium .
who michael was , what he did , and how he led his life are irrelevant to murray 's actions as a medical professional .
but the senior clinton adviser says that analysis fundamentally misreads clinton 's intention , on both political and policy grounds .
the library project itself will create 250 new jobs including apprenticeships , those behind the project said .
doyle 's approach is about paring away embellishment and finding a work 's core .
there are few good options for any of the questions ahead .
fischer , radian guaranty 's executive vice president of loss management .
that surge in growth has now gone into reverse .
he 's less than 200 delegates away from wrapping things up .
in other words , statesmanship is expected .
he was looking for answers .
venezuelan foreign minister nicolas maduro and france 's bernard kouchner speak in paris on thursday .
it was found alongside two equine paintings by british painters george stubbs and alfred munnings .
the plan needs congressional approval .
a hse inspection of the entire stanlow site after the incident found no further cause for concern .
unless i miss my guess , they would like to take the country back and bring al qaeda back in as a revenue source .
pittsburgh center sidney crosby did not play for the seventh straight game because of a high sprain in his right ankle .
spikes , the team 's defensive captain , injured his groin oct .
the animal attacked the girl around 1 : 30 a.m. , during the darkest part of the morning .
the two eldest children are the offspring of debbie rowe , jackson 's second wife and former nurse .
the other tabloids geared up to find whatever dirt the national enquirer didn ' t .
bank of america has expanded during the global crisis , absorbing giant lender countrywide financial as well as merrill lynch .
i do nt care who offers it .
texas tech coach bob knight resigned monday and his son pat will take over the program .
cogo believes that cable service upgrades and increased penetration in china will continue to provide significant opportunities for stb growth in china .
police spokesman viktor biryukov said 24 demonstrators were detained for taking part in an unsanctioned march .
the department for business enterprise , which administers the claims , said improvements had been made since the claim began .
but i doubt that many people are racking up big mileage commuting in grand cherokee srt8s .
extra rub can be stored in an airtight container for up to six months .
civilian casualties in operations by foreign troops have strained relations between karzai 's government and its foreign backers .
he offered the women a packet that included a brochure containing color photos of tiny fetuses inside the womb .
with phones ' small screens , typing can be a chore .
but of the top democrats in congress , he is perhaps the most vulnerable .
concern about the crash clouded the paris air show .
the tories have already raised concerns about intensive care preparations .
it had not been scheduled for operation until next week , but its engine was on after it hit the ground .
a day after the vote , collins said , southers took responsibility for giving congress misleading information , citing a poor memory .
is development a subset of climate change or vice versa ?
armstrong 's bicycle was one of several stolen from an astana team truck parked behind a hotel in sacramento .
oh well , let 's hope they improve as their college football contract continues .
jerry yang began his biggest public presentation since becoming chief executive of yahoo with something of an apology .
first of all we have to look after those displaced people .
she didn ' t really know who shawn hornbeck was or the shawn hornbeck foundation .
the king and queen of dillon , texas , are committed to family , football and missing whatever 's on tv on friday .
one young woman expressed her anger at politicians .
the case has drawn wide attention in part because of past abuse allegations against washington and in part because of his ties to johnson .
new signs are to be put up in and around hospitals in lincolnshire at a cost of £ 130,000 .
rice threw a cut block , saw favre looking for someone , dusted himself off the turf , and raced to a 16-yard score .
as divorce lawyers would confirm , once huge sums of money are involved , things tend to get nasty .
just off the main road is the lampton hounds inn .
already , there are 200 confucius classrooms .
five laborers , three of whom had lost kidneys , were also rescued from the bungalow .
the swansea area has a particular problem with youths using the drug .
a monday afternoon in the crowded children 's room of the brooklyn public library .
his morality is as irrelevant as his motivations .
it can be ordered by telephoning maserati gb on 01753 878753 or by emailing marketing @ maserati.co.uk .
and people here are thrilled .
we are so behind at the times .
the researchers find oxytocin increased positive communications more than a placebo and stress levels were lower with the oxytocin .
it is to air live on vh1 .
the uk announced on thursday that it could no longer contain its outbreaks .
her results are not good .
the two mortgage giants are key players in us mortgage finance .
they would be assembled in st. louis .
parties may also sign on the iphone with the acclaimed rightsignature app , which turns the device 's touchscreen into a signature pad .
defense secretary donald h. rumsfeld directed war strategy in iraq .
there was no coverup .
even so , its super soft qualifying tyres lasted just 12.5 miles per set .
the market for cds grew more than 100-fold between 2001 and the peak at the end of 2007 .
chaudhry fought back but was finally removed under emergency rule .
one senior republican called the cia arrogant and incompetent and said he was determined to hold it accountable for the destruction of the tapes .
the ilyushin 's roundabout flight plan looks as complicated as the paperwork that set it up .
windsor said formula one head bernie ecclestone has given them the green light to go ahead .
the obvious choices for a design snob are brands such as rapha and endura .
thinking money can state that there is an obvious and urgent need for this discrepancy to be corrected .
the teams combined for seven homers and 31 hits .
public money should not be wasted in this way .
as well as ice cream , brunswood farm now sells its own beef , local cheeses , organic local produce and game .
benítez was not helped by the absence of fernando torres and glen johnson .
it is also important that rural poverty is not forgotten .
whichever it is , she 's waiting for you if you don ' t get on with your homework .
as the questions began to mount up , one man emerged as key : a hitherto unknown businessman called ricardo fernandez barrueco .
the rules state that you have to be over 50 .
we will all have to give up something , and possibly something very important to us , if they are to be resolved .
the broadcaster has said it will appeal against the decision , which is the second largest indecency fine imposed on a broadcaster .
after 28 days , if the costs incurred by the seizure are not paid , the equipment is disposed off .
there used to be a saying in silicon valley that you could change jobs without having to change your parking lot .
bryzgalov allowed two goals on 40 shots .
thousand of indian children are queuing up these days to participate in these shows .
the lawyers ' objections were sent to the joint staff , which would have relayed the messages to civilian leadership .
this would command widespread public support and begin the united approach which tackling the deficit and our social dysfunction deserves .
you don ' t get that kind of facility anywhere in the world .
they 'll go head to head in tuesday morning 's final .
take a look at the sub- $ 10,000 version of the versa .
and the guy he ran with , john kerry .
but senator mccain , who once opposed president bush 's tax cuts for the wealthy , now favors them .
mr buffett says kraft has paid too much .
exhibitions are presented in museums , exhibition centers and other entertainment venues .
with this view , who needs legroom ? 10 .
his statement read more like a job pitch for a playoff contender rather than a final farewell .
author 's résuméfounded baby buggy , a nonprofit that provides baby clothing and equipment to needy families ; married to jerry seinfeld .
fuel consumption is only fractionally higher , too .
also the fact that this is north carolina might add to what president carter was saying a couple of weeks ago .
hcw was inadequately planned and not allocated enough money , it said .
it has refused to lift the embargo until the serviceman is freed .
the question is , can people come to except a halston devoid of 70 's references ?
last year , u.s. homeland security secretary michael chertoff authorized secret service protection for obama 24 hours a day .
however , i think npr blew this one big time .
in 2002 , just a year after the 11 september attacks , the us authorities shut down a saudi charity headquartered in chicago .
outlook : what 's happened to wake forest ?
dix again ran his race dressed in the uniform of florida state , which he graduated from this spring .
i doubt any of these top nhs financiers work weekend night shifts like me .
aislin is currently insured under a cobra plan from bates ' previous job , but it expires in 18 months .
recent opinion polls would indicate that around half the british public agree with him .
during this research he twice witnessed female apes he recognised eating the corpses of their recently deceased babies .
staten island will also get more overtime tours for the program .
two of his teeth were broken and he had a nasty gash just below his left eye .
but do they make me feel more olympic ?
these days , randolph is used to that kind of skeptical treatment .
she has remained loyal to mr brown but moved to the left in her speech on social class to the tuc .
i also tried it on a couple of vertical cracks and filled them without fuss too .
fontwell 's friday meeting and saturday 's national hunt fixture at wincanton have been abandoned .
sixteen percent still don ' t have a view yet .
we don ' t do winter sports all that well in manhattan .
in september 2002 , downing street published its dossier on iraq 's weapons of mass destruction .
the college fanz van is a specially equipped and painted prestige traveler .
mullen did not bend .
voter turnout in mumbai during the national election this week was a miserly 44 per cent .
there is no doubt that she will carry on through the last primaries tuesday in south dakota and montana .
xie , like most of the other survivors , suffered carbon monoxide poisoning , xinhua said , citing doctors .
thus on both counts they approach remarkably close to the situation in which they began life .
it 's a kind of borrowing .
we don ' t want this president [ karzai ] .
that sells well in the cable television market .
there were much smaller protests in june after rushdie accepted a knighthood at buckingham palace .
chersky 's 5,000 people live on the very frontier of nature .
armonk , n.y. , dec .
oil firm total butler apologised for the delays and said it was trying to meet its orders as quickly as possible .
assiri was killed instantly .
western officials indicated last week that the diplomatic track was all but exhausted and that the groundwork was being prepared for new sanctions .
moore was transported to the university of virginia medical center where he was treated and is now listed in fair condition , tmz.com said .
the count worked as a consultant for bae but denies all wrongdoing , his lawyer told the ft this week .
it 's a paean to the human spirit .
nearly 1.5 million children in 5,200 schools participate .
parker told afp that he would like to see the union go back to the bargaining table to fix the tentative pact .
that 's all aside from the gambling .
who were the last team to beat chelsea in the premier league ? 2 .
arsenal , he said , had a far greater chance of breaking chelsea 's stranglehold at stamford bridge .
the father of detained israeli soldier ehud goldwasser also attended the meeting .
day care was largely out because of concerns about spreading the illness .
both are less developed than other parts of the island .
gm and chrysler have already borrowed from the federal government $ 9.4 billion and $ 4 billion respectively to stay in business .
the esteem of one comes inseparably with the disdain of the other .
meanwhile , investigators would not specify where on the marine base the recent killing occurred .
the u.s. military said nine american soldiers were wounded in two roadside bomb attacks against a convoy in eastern baghdad .
i was naive , restless and eager to please .
these protect stagecoach from falling sales if revenues are 2 per cent or more below forecast .
the official asked for anonymity because the person was not authorized to speak about the investigation .
executions had been on hold in missouri for four years until the state executed an inmate last month .
he had 77 sacks and 634 tackles over 162 games and led the team in sacks six times .
french colonial rule lasts for 90 years .
he achieved them all .
however state security forces said that they were on a state of high alert against revenge attacks from any remaining rebels .
briscoe , franchitti and dixon were in south florida on tuesday , starting to preview the oct .
she said the representative returned a short time later with a notice that she had three days to move .
december 15 , 2009 | 9 : 38 p.m.
banks complain that would subject them to myriad different rules .
majid was a cousin of saddam hussein , and earned his nickname after his use of poison gas .
i was a little nervous because i don ' t have the greatest spanish , but i was able to get by .
the opinions expressed in this commentary are solely those of erica williams .
it 's the coward 's way out .
the usually crowded streets quickly filled with screaming police cars , fire engines and gawking crowds .
papandreou has said he will use the debt crisis to remedy chronic waste in public administration .
the chinese embassy here told afp it has no other information on the accident .
michelle also criticized winfrey for inviting mackenzie on her chat show to discuss her book .
penguins vs. red wings : which team has the edge ?
1 , 2011 , you decide to convert the rental house into your principal residence .
he paid a speeding ticket separately .
they too have attracted a lot of publicity .
sacem head bernard miyet cites jarre 's family monday as saying the composer died in his california villa .
the regulatory changes also allow all u.s. international airports to apply to service licensed charter flights to cuba .
it 's not due to any safety measures or campaigns they might have introduced .
anyhow , it was getting dark , so we checked in and headed out for a meal .
oak brook , ill . , nov .
last february , in return for energy assistance and some political concessions , the government in pyongyang said it would abandon its nuclear program .
dowd said he would like to return to the flyers next season .
he was suspended for violating the league 's personal conduct policy after pleading guilty in march to a misdemeanor gun charge in los angeles .
after being pressed hard for much of the early game in southwestern china , the americans took control after wambach 's penalty .
the imagination is a powerful thing .
do you realize how funny you look when you 're doing it ?
a total of 34 seizures were made in the south west scotland jail last year compared with 22 in 2003 .
member countries are still sovereign .
sarah claxton and zoe derham are picked as the sole representatives in the 100 m hurdles and hammer respectively .
in one go , they are stealing up to 800 litres ( 176 gallons ) of fuel , worth more than £ 500 .
a militia affiliated with indian maoist rebels claimed responsibility for the abduction .
under the koreans ' persistent pressure , the u.s. team lost its shape and was in improper position to mount an attack .
djokovic , a sensitive soul , did not react stoically .
and we think you 're a fatuous member of the predatory class .
by the time i pressed it to do this , too long had elapsed since the transaction for this to be feasible .
and again , in what some religions might call a miracle , and what science calls parthenogenesis , she produced a single pup .
taxpayers and their representatives were loathe to use public funds to rescue an institution that had generated enormous private profits for years .
the outcomes are quite varied .
the move was a catastrophe .
the wisconsin plant also gets raw ingredients from u.s. suppliers , but testing to date has shown no contaminants linked to the u.s. suppliers .
so , what is driving the soaring numbers ?
the two french boys got in the car but were later joined by the other two adult defendants , the documents said .
insert description warner bros. i got you , creativity .
put these clowns in a dangerous situation and see their reaction .
newcomers are led to a blog and an online store and are offered a chance to join local obama groups .
some tv and radio channels will move position .
celera is hoping to achieve profitability this year , so applera is reconsidering its corporate structure , said david speechly , celera 's spokesman .
the pensioner was treated for her injuries in hope hospital , salford .
the lakers turned the ball over twice during that time .
this doesn ' t mean that i do not want to negotiate .
but it was mr. breslauer who , by sorting through bibliographies , determined that it was the first book of hours printed in france .
suffolk county council said the charges follow the outbreak of the deadly h5n1 strain of the virus in november 2007 .
more than one million britons visited dubai last year , with twice as many expatriates now living in the emirate .
and some 11-night mediterranean cruises are now $ 1,799 a person .
assists _ seattle 17 ( watson 6 ) , l.a. lakers 24 ( fisher 8 ) .
it has hosted the beatles , franklin roosevelt and hollywood luminaries .
ads in penthouse magazine tout adultfriendfinder .
that note of disorder was to be the undoing of newcastle in the 56th minute .
after the dutch disarmed the pirates , they released them , shona lowe , a spokeswoman from the maritime headquarters , told cnn .
he also doubted that all of the suspects had been in the gulf just for one mission .
prosecutor lt col alex taylor said the soldier had not originally reported the attack to senior officers .
